2026-04-26T17:46:03.490Z	Initializing build environment...
2026-04-26T17:46:05.041Z	Success: Finished initializing build environment
2026-04-26T17:46:05.717Z	Cloning repository...
2026-04-26T17:46:15.115Z	Detected the following tools from environment: npm@10.9.2, nodejs@22.16.0
2026-04-26T17:46:15.116Z	Restoring from dependencies cache
2026-04-26T17:46:15.118Z	Restoring from build output cache
2026-04-26T17:46:15.229Z	Installing project dependencies: npm clean-install --progress=false
2026-04-26T17:46:19.151Z	npm error code ERESOLVE
2026-04-26T17:46:19.152Z	npm error ERESOLVE could not resolve
2026-04-26T17:46:19.152Z	npm error
2026-04-26T17:46:19.152Z	npm error While resolving: @opennextjs/cloudflare@1.19.4
2026-04-26T17:46:19.152Z	npm error Found: next@16.1.4
2026-04-26T17:46:19.152Z	npm error node_modules/next
2026-04-26T17:46:19.152Z	npm error   next@"16.1.4" from the root project
2026-04-26T17:46:19.152Z	npm error
2026-04-26T17:46:19.152Z	npm error Could not resolve dependency:
2026-04-26T17:46:19.152Z	npm error peer next@">=15.5.15 <16 || >=16.2.3" from @opennextjs/cloudflare@1.19.4
2026-04-26T17:46:19.152Z	npm error node_modules/@opennextjs/cloudflare
2026-04-26T17:46:19.152Z	npm error   @opennextjs/cloudflare@"^1.19.4" from the root project
2026-04-26T17:46:19.152Z	npm error
2026-04-26T17:46:19.152Z	npm error Conflicting peer dependency: next@16.2.4
2026-04-26T17:46:19.152Z	npm error node_modules/next
2026-04-26T17:46:19.152Z	npm error   peer next@">=15.5.15 <16 || >=16.2.3" from @opennextjs/cloudflare@1.19.4
2026-04-26T17:46:19.152Z	npm error   node_modules/@opennextjs/cloudflare
2026-04-26T17:46:19.152Z	npm error     @opennextjs/cloudflare@"^1.19.4" from the root project
2026-04-26T17:46:19.153Z	npm error
2026-04-26T17:46:19.153Z	npm error Fix the upstream dependency conflict, or retry
2026-04-26T17:46:19.153Z	npm error this command with --force or --legacy-peer-deps
2026-04-26T17:46:19.153Z	npm error to accept an incorrect (and potentially broken) dependency resolution.
2026-04-26T17:46:19.153Z	npm error
2026-04-26T17:46:19.153Z	npm error
2026-04-26T17:46:19.153Z	npm error For a full report see:
2026-04-26T17:46:19.153Z	npm error /opt/buildhome/.npm/_logs/2026-04-26T17_46_16_221Z-eresolve-report.txt
2026-04-26T17:46:19.153Z	npm error A complete log of this run can be found in: /opt/buildhome/.npm/_logs/2026-04-26T17_46_16_221Z-debug-0.log
2026-04-26T17:46:19.214Z	Failed: error occurred while installing tools or dependencies